array('error' => 'Failed validation. Too many holidays.')